// Jest Snapshot v1, https://goo.gl/fbAQLP

exports[`should render Header correctly 1`] = `
<ForwardRef>
  <ForwardRef>
    <ForwardRef>
      <ForwardRef
        to="/"
      >
        <h1>
          Denuncias
        </h1>
      </ForwardRef>
      <ForwardRef
        onClick={[Function]}
      >
        Salir
      </ForwardRef>
    </ForwardRef>
  </ForwardRef>
</ForwardRef>
`;
