// Jest Snapshot v1, https://goo.gl/fbAQLP

exports[`should correctly render ComplaintsList 1`] = `
<div>
  <div>
    <div>
      Denuncia
    </div>
    <div>
      Tipo
    </div>
    <div>
      Fecha
    </div>
  </div>
  <div>
    <div
      key="1"
    >
      <p>
        <div>
          Me robaron mi celular
        </div>
        <div>
          esta yo en la calle cuando de repente un maricon me robo el celular.
        </div>
      </p>
    </div>
    <div
      key="2"
    >
      <p>
        <div>
          Me robaron mi celular
        </div>
        <div>
          esta yo en la calle cuando de repente un maricon me robo el celular.
        </div>
      </p>
    </div>
    <div
      key="3"
    >
      <p>
        <div>
          Me robaron mi celular
        </div>
        <div>
          esta yo en la calle cuando de repente un maricon me robo el celular.
        </div>
      </p>
    </div>
  </div>
</div>
`;
